[0.007s] Invoking command in '/home/chanakya/simple-hello-world-node-Chanakya-22/build/ros2_hello_world': DEBUGINFOD_URLS=https://debuginfod.ubuntu.com /usr/bin/cmake /home/chanakya/simple-hello-world-node-Chanakya-22 -DCMAKE_INSTALL_PREFIX=/home/chanakya/simple-hello-world-node-Chanakya-22/install/ros2_hello_world
[0.025s] -- Found ament_cmake: 2.5.4 (/opt/ros/jazzy/share/ament_cmake/cmake)
[0.171s] -- Found Python3: /usr/bin/python3 (found version "3.12.3") found components: Interpreter 
[0.290s] -- Found rclcpp: 28.1.13 (/opt/ros/jazzy/share/rclcpp/cmake)
[0.332s] -- Found rosidl_generator_c: 4.6.6 (/opt/ros/jazzy/share/rosidl_generator_c/cmake)
[0.345s] -- Found rosidl_generator_cpp: 4.6.6 (/opt/ros/jazzy/share/rosidl_generator_cpp/cmake)
[0.362s] -- Using all available rosidl_typesupport_c: rosidl_typesupport_fastrtps_c;rosidl_typesupport_introspection_c
[0.377s] -- Using all available rosidl_typesupport_cpp: rosidl_typesupport_fastrtps_cpp;rosidl_typesupport_introspection_cpp
[0.453s] -- Found rmw_implementation_cmake: 7.3.2 (/opt/ros/jazzy/share/rmw_implementation_cmake/cmake)
[0.456s] -- Found rmw_fastrtps_cpp: 8.4.3 (/opt/ros/jazzy/share/rmw_fastrtps_cpp/cmake)
[0.565s] -- Found OpenSSL: /usr/lib/x86_64-linux-gnu/libcrypto.so (found version "3.0.13")  
[0.593s] -- Found FastRTPS: /opt/ros/jazzy/include (Required is at least version "2.13") 
[0.618s] -- Using RMW implementation 'rmw_fastrtps_cpp' as default
[0.763s] Error parsing '/home/chanakya/simple-hello-world-node-Chanakya-22/package.xml':
[1.995s] Traceback (most recent call last):
[1.995s]   File "/usr/lib/python3/dist-packages/catkin_pkg/package.py", line 610, in parse_package_string
[1.995s]     root = dom.parseString(data)
[1.995s]            ^^^^^^^^^^^^^^^^^^^^^
[1.995s]   File "/usr/lib/python3.12/xml/dom/minidom.py", line 2000, in parseString
[1.995s]     return expatbuilder.parseString(string)
[1.995s]            ^^^^^^^^^^^^^^^^^^^^^^^^^^^^^^^^
[1.995s]   File "/usr/lib/python3.12/xml/dom/expatbuilder.py", line 922, in parseString
[1.995s]     return builder.parseString(string)
[1.995s]            ^^^^^^^^^^^^^^^^^^^^^^^^^^^
[1.996s]   File "/usr/lib/python3.12/xml/dom/expatbuilder.py", line 220, in parseString
[1.996s]     parser.Parse(string, True)
[1.996s] xml.parsers.expat.ExpatError: not well-formed (invalid token): line 4, column 1
[1.996s] 
[1.996s] During handling of the above exception, another exception occurred:
[1.996s] 
[1.996s] Traceback (most recent call last):
[1.996s]   File "/opt/ros/jazzy/share/ament_cmake_core/cmake/core/package_xml_2_cmake.py", line 150, in <module>
[1.996s]     main()
[1.996s]   File "/opt/ros/jazzy/share/ament_cmake_core/cmake/core/package_xml_2_cmake.py", line 53, in main
[1.996s]     raise e
[1.996s]   File "/opt/ros/jazzy/share/ament_cmake_core/cmake/core/package_xml_2_cmake.py", line 49, in main
[1.996s]     package = parse_package_string(
[1.996s]               ^^^^^^^^^^^^^^^^^^^^^
[1.996s]   File "/usr/lib/python3/dist-packages/catkin_pkg/package.py", line 612, in parse_package_string
[1.996s]     raise InvalidPackage('The manifest contains invalid XML:\n%s' % ex, filename)
[1.996s] catkin_pkg.package.InvalidPackage: Error(s) in package '/home/chanakya/simple-hello-world-node-Chanakya-22/package.xml':
[1.996s] The manifest contains invalid XML:
[1.996s] not well-formed (invalid token): line 4, column 1
[2.018s] [31mCMake Error at /opt/ros/jazzy/share/ament_cmake_core/cmake/core/ament_package_xml.cmake:95 (message):
[2.018s]   execute_process(/usr/bin/python3
[2.018s]   /opt/ros/jazzy/share/ament_cmake_core/cmake/core/package_xml_2_cmake.py
[2.018s]   /home/chanakya/simple-hello-world-node-Chanakya-22/package.xml
[2.018s]   /home/chanakya/simple-hello-world-node-Chanakya-22/build/ros2_hello_world/ament_cmake_core/package.cmake)
[2.018s]   returned error code 1
[2.018s] Call Stack (most recent call first):
[2.018s]   /opt/ros/jazzy/share/ament_cmake_core/cmake/core/ament_package_xml.cmake:49 (_ament_package_xml)
[2.018s]   /opt/ros/jazzy/share/ament_cmake_core/cmake/core/ament_package.cmake:63 (ament_package_xml)
[2.018s]   CMakeLists.txt:23 (ament_package)
[2.018s] 
[2.018s] [0m
[2.018s] -- Configuring incomplete, errors occurred!
[2.025s] Invoked command in '/home/chanakya/simple-hello-world-node-Chanakya-22/build/ros2_hello_world' returned '1': DEBUGINFOD_URLS=https://debuginfod.ubuntu.com /usr/bin/cmake /home/chanakya/simple-hello-world-node-Chanakya-22 -DCMAKE_INSTALL_PREFIX=/home/chanakya/simple-hello-world-node-Chanakya-22/install/ros2_hello_world
