[0.000000] (-) TimerEvent: {}
[0.000183] (ros2_hello_world) JobQueued: {'identifier': 'ros2_hello_world', 'dependencies': OrderedDict()}
[0.000652] (ros2_hello_world) JobStarted: {'identifier': 'ros2_hello_world'}
[0.006072] (ros2_hello_world) JobProgress: {'identifier': 'ros2_hello_world', 'progress': 'cmake'}
[0.006574] (ros2_hello_world) Command: {'cmd': ['/usr/bin/cmake', '/home/chanakya/simple-hello-world-node-Chanakya-22', '-DCMAKE_INSTALL_PREFIX=/home/chanakya/simple-hello-world-node-Chanakya-22/install/ros2_hello_world'], 'cwd': '/home/chanakya/simple-hello-world-node-Chanakya-22/build/ros2_hello_world', 'env': OrderedDict({'LESSOPEN': '| /usr/bin/lesspipe %s', 'USER': 'chanakya', 'FONTCONFIG_PATH': '/etc/fonts', 'GZ_CONFIG_PATH': '/opt/ros/jazzy/opt/sdformat_vendor/share/gz', 'GIO_MODULE_DIR': '/home/chanakya/snap/code/common/.cache/gio-modules', 'XDG_SESSION_TYPE': 'x11', 'GIT_ASKPASS': '/snap/code/214/usr/share/code/resources/app/extensions/git/dist/askpass.sh', 'GTK_EXE_PREFIX_VSCODE_SNAP_ORIG': '', 'GDK_BACKEND_VSCODE_SNAP_ORIG': '', 'CLUTTER_DISABLE_MIPMAPPED_TEXT': '1', 'SHLVL': '2', 'LD_LIBRARY_PATH': '/opt/ros/jazzy/opt/sdformat_vendor/lib:/opt/ros/jazzy/opt/rviz_ogre_vendor/lib:/opt/ros/jazzy/lib/x86_64-linux-gnu:/opt/ros/jazzy/opt/gz_math_vendor/lib:/opt/ros/jazzy/opt/gz_utils_vendor/lib:/opt/ros/jazzy/opt/gz_tools_vendor/lib:/opt/ros/jazzy/opt/gz_cmake_vendor/lib:/opt/ros/jazzy/lib', 'HOME': '/home/chanakya', 'CHROME_DESKTOP': 'code.desktop', 'LOCPATH_VSCODE_SNAP_ORIG': '', 'OLDPWD': '/home/chanakya', 'TERM_PROGRAM_VERSION': '1.106.2', 'DESKTOP_SESSION': 'ubuntu', 'GTK_PATH': '/snap/code/214/usr/lib/x86_64-linux-gnu/gtk-3.0', 'XDG_DATA_HOME_VSCODE_SNAP_ORIG': '', 'GTK_IM_MODULE_FILE': '/home/chanakya/snap/code/common/.cache/immodules/immodules.cache', 'ROS_PYTHON_VERSION': '3', 'GNOME_SHELL_SESSION_MODE': 'ubuntu', 'GTK_MODULES': 'gail:atk-bridge', 'GSETTINGS_SCHEMA_DIR_VSCODE_SNAP_ORIG': '', 'VSCODE_GIT_ASKPASS_MAIN': '/snap/code/214/usr/share/code/resources/app/extensions/git/dist/askpass-main.js', 'VSCODE_GIT_ASKPASS_NODE': '/snap/code/214/usr/share/code/code', 'SYSTEMD_EXEC_PID': '2894', 'VSCODE_PYTHON_AUTOACTIVATE_GUARD': '1', 'GSM_SKIP_SSH_AGENT_WORKAROUND': 'true', 'DBUS_SESSION_BUS_ADDRESS': 'unix:path=/run/user/1000/bus', 'COLORTERM': 'truecolor', 'DEBUGINFOD_URLS': 'https://debuginfod.ubuntu.com', 'COLCON_PREFIX_PATH': '/home/chanakya/simple-hello-world-node-Chanakya-22/install', 'ROS_DISTRO': 'jazzy', 'LOGNAME': 'chanakya', '_': '/usr/bin/colcon', 'ROS_VERSION': '2', 'XDG_CONFIG_DIRS_VSCODE_SNAP_ORIG': '/etc/xdg/xdg-ubuntu:/etc/xdg', 'MEMORY_PRESSURE_WATCH': '/sys/fs/cgroup/user.slice/user-1000.slice/user@1000.service/session.slice/org.gnome.Shell@x11.service/memory.pressure', 'XDG_SESSION_CLASS': 'user', 'XDG_DATA_DIRS_VSCODE_SNAP_ORIG': '/usr/share/ubuntu:/usr/share/gnome:/usr/local/share/:/usr/share/:/var/lib/snapd/desktop', 'USERNAME': 'chanakya', 'TERM': 'xterm-256color', 'GNOME_DESKTOP_SESSION_ID': 'this-is-deprecated', 'WINDOWPATH': '2', 'PATH': '/opt/ros/jazzy/opt/gz_tools_vendor/bin:/opt/ros/jazzy/bin:/home/chanakya/.config/Code/User/globalStorage/github.copilot-chat/debugCommand:/home/chanakya/.config/Code/User/globalStorage/github.copilot-chat/copilotCli:/usr/local/sbin:/usr/local/bin:/usr/sbin:/usr/bin:/sbin:/bin:/usr/games:/usr/local/games:/snap/bin:/snap/bin', 'SESSION_MANAGER': 'local/chanakya-Legion-5-16IRX9:@/tmp/.ICE-unix/2861,unix/chanakya-Legion-5-16IRX9:/tmp/.ICE-unix/2861', 'GTK_EXE_PREFIX': '/snap/code/214/usr', 'XDG_MENU_PREFIX': 'gnome-', 'GNOME_TERMINAL_SCREEN': '/org/gnome/Terminal/screen/98e6e20c_1bed_423a_aef1_79ba6d573181', 'XDG_RUNTIME_DIR': '/run/user/1000', 'GDK_BACKEND': 'x11', 'DISPLAY': ':1', 'LOCPATH': '/snap/code/214/usr/lib/locale', 'LANG': 'en_US.UTF-8', 'XDG_CURRENT_DESKTOP': 'Unity', 'GIO_MODULE_DIR_VSCODE_SNAP_ORIG': '', 'XDG_DATA_HOME': '/home/chanakya/snap/code/214/.local/share', 'XMODIFIERS': '@im=ibus', 'XDG_SESSION_DESKTOP': 'ubuntu', 'XAUTHORITY': '/run/user/1000/gdm/Xauthority', 'LS_COLORS': 'rs=0:di=01;34:ln=01;36:mh=00:pi=40;33:so=01;35:do=01;35:bd=40;33;01:cd=40;33;01:or=40;31;01:mi=00:su=37;41:sg=30;43:ca=00:tw=30;42:ow=34;42:st=37;44:ex=01;32:*.tar=01;31:*.tgz=01;31:*.arc=01;31:*.arj=01;31:*.taz=01;31:*.lha=01;31:*.lz4=01;31:*.lzh=01;31:*.lzma=01;31:*.tlz=01;31:*.txz=01;31:*.tzo=01;31:*.t7z=01;31:*.zip=01;31:*.z=01;31:*.dz=01;31:*.gz=01;31:*.lrz=01;31:*.lz=01;31:*.lzo=01;31:*.xz=01;31:*.zst=01;31:*.tzst=01;31:*.bz2=01;31:*.bz=01;31:*.tbz=01;31:*.tbz2=01;31:*.tz=01;31:*.deb=01;31:*.rpm=01;31:*.jar=01;31:*.war=01;31:*.ear=01;31:*.sar=01;31:*.rar=01;31:*.alz=01;31:*.ace=01;31:*.zoo=01;31:*.cpio=01;31:*.7z=01;31:*.rz=01;31:*.cab=01;31:*.wim=01;31:*.swm=01;31:*.dwm=01;31:*.esd=01;31:*.avif=01;35:*.jpg=01;35:*.jpeg=01;35:*.mjpg=01;35:*.mjpeg=01;35:*.gif=01;35:*.bmp=01;35:*.pbm=01;35:*.pgm=01;35:*.ppm=01;35:*.tga=01;35:*.xbm=01;35:*.xpm=01;35:*.tif=01;35:*.tiff=01;35:*.png=01;35:*.svg=01;35:*.svgz=01;35:*.mng=01;35:*.pcx=01;35:*.mov=01;35:*.mpg=01;35:*.mpeg=01;35:*.m2v=01;35:*.mkv=01;35:*.webm=01;35:*.webp=01;35:*.ogm=01;35:*.mp4=01;35:*.m4v=01;35:*.mp4v=01;35:*.vob=01;35:*.qt=01;35:*.nuv=01;35:*.wmv=01;35:*.asf=01;35:*.rm=01;35:*.rmvb=01;35:*.flc=01;35:*.avi=01;35:*.fli=01;35:*.flv=01;35:*.gl=01;35:*.dl=01;35:*.xcf=01;35:*.xwd=01;35:*.yuv=01;35:*.cgm=01;35:*.emf=01;35:*.ogv=01;35:*.ogx=01;35:*.aac=00;36:*.au=00;36:*.flac=00;36:*.m4a=00;36:*.mid=00;36:*.midi=00;36:*.mka=00;36:*.mp3=00;36:*.mpc=00;36:*.ogg=00;36:*.ra=00;36:*.wav=00;36:*.oga=00;36:*.opus=00;36:*.spx=00;36:*.xspf=00;36:*~=00;90:*#=00;90:*.bak=00;90:*.crdownload=00;90:*.dpkg-dist=00;90:*.dpkg-new=00;90:*.dpkg-old=00;90:*.dpkg-tmp=00;90:*.old=00;90:*.orig=00;90:*.part=00;90:*.rej=00;90:*.rpmnew=00;90:*.rpmorig=00;90:*.rpmsave=00;90:*.swp=00;90:*.tmp=00;90:*.ucf-dist=00;90:*.ucf-new=00;90:*.ucf-old=00;90:', 'VSCODE_GIT_IPC_HANDLE': '/run/user/1000/vscode-git-7e6dc573c5.sock', 'GNOME_TERMINAL_SERVICE': ':1.119', 'TERM_PROGRAM': 'vscode', 'SSH_AUTH_SOCK': '/run/user/1000/keyring/ssh', 'GSETTINGS_SCHEMA_DIR': '/home/chanakya/snap/code/214/.local/share/glib-2.0/schemas', 'AMENT_PREFIX_PATH': '/opt/ros/jazzy', 'ORIGINAL_XDG_CURRENT_DESKTOP': 'ubuntu:GNOME', 'SHELL': '/bin/bash', 'QT_ACCESSIBILITY': '1', 'GDMSESSION': 'ubuntu', 'LESSCLOSE': '/usr/bin/lesspipe %s %s', 'GTK_PATH_VSCODE_SNAP_ORIG': '', 'FONTCONFIG_FILE': '/etc/fonts/fonts.conf', 'GTK_IM_MODULE_FILE_VSCODE_SNAP_ORIG': '', 'GPG_AGENT_INFO': '/run/user/1000/gnupg/S.gpg-agent:0:1', 'ROS_AUTOMATIC_DISCOVERY_RANGE': 'SUBNET', 'VSCODE_GIT_ASKPASS_EXTRA_ARGS': '', 'QT_IM_MODULE': 'ibus', 'PWD': '/home/chanakya/simple-hello-world-node-Chanakya-22/build/ros2_hello_world', 'LC_ALL': 'en_US.UTF-8', 'XDG_CONFIG_DIRS': '/etc/xdg/xdg-ubuntu:/etc/xdg', 'XDG_DATA_DIRS': '/home/chanakya/snap/code/214/.local/share:/home/chanakya/snap/code/214:/snap/code/214/usr/share:/usr/share/ubuntu:/usr/share/gnome:/usr/local/share/:/usr/share/:/var/lib/snapd/desktop', 'PYTHONPATH': '/opt/ros/jazzy/lib/python3.12/site-packages', 'COLCON': '1', 'MEMORY_PRESSURE_WRITE': 'c29tZSAyMDAwMDAgMjAwMDAwMAA=', 'VTE_VERSION': '7600', 'CMAKE_PREFIX_PATH': '/opt/ros/jazzy/opt/sdformat_vendor:/opt/ros/jazzy/opt/gz_math_vendor:/opt/ros/jazzy/opt/gz_utils_vendor:/opt/ros/jazzy/opt/gz_tools_vendor:/opt/ros/jazzy/opt/gz_cmake_vendor'}), 'shell': False}
[0.025118] (ros2_hello_world) StdoutLine: {'line': b'-- Found ament_cmake: 2.5.4 (/opt/ros/jazzy/share/ament_cmake/cmake)\n'}
[0.099781] (-) TimerEvent: {}
[0.171657] (ros2_hello_world) StdoutLine: {'line': b'-- Found Python3: /usr/bin/python3 (found version "3.12.3") found components: Interpreter \n'}
[0.200003] (-) TimerEvent: {}
[0.290407] (ros2_hello_world) StdoutLine: {'line': b'-- Found rclcpp: 28.1.13 (/opt/ros/jazzy/share/rclcpp/cmake)\n'}
[0.300108] (-) TimerEvent: {}
[0.332726] (ros2_hello_world) StdoutLine: {'line': b'-- Found rosidl_generator_c: 4.6.6 (/opt/ros/jazzy/share/rosidl_generator_c/cmake)\n'}
[0.345956] (ros2_hello_world) StdoutLine: {'line': b'-- Found rosidl_generator_cpp: 4.6.6 (/opt/ros/jazzy/share/rosidl_generator_cpp/cmake)\n'}
[0.362517] (ros2_hello_world) StdoutLine: {'line': b'-- Using all available rosidl_typesupport_c: rosidl_typesupport_fastrtps_c;rosidl_typesupport_introspection_c\n'}
[0.377669] (ros2_hello_world) StdoutLine: {'line': b'-- Using all available rosidl_typesupport_cpp: rosidl_typesupport_fastrtps_cpp;rosidl_typesupport_introspection_cpp\n'}
[0.400232] (-) TimerEvent: {}
[0.453492] (ros2_hello_world) StdoutLine: {'line': b'-- Found rmw_implementation_cmake: 7.3.2 (/opt/ros/jazzy/share/rmw_implementation_cmake/cmake)\n'}
[0.456468] (ros2_hello_world) StdoutLine: {'line': b'-- Found rmw_fastrtps_cpp: 8.4.3 (/opt/ros/jazzy/share/rmw_fastrtps_cpp/cmake)\n'}
[0.500356] (-) TimerEvent: {}
[0.565778] (ros2_hello_world) StdoutLine: {'line': b'-- Found OpenSSL: /usr/lib/x86_64-linux-gnu/libcrypto.so (found version "3.0.13")  \n'}
[0.593743] (ros2_hello_world) StdoutLine: {'line': b'-- Found FastRTPS: /opt/ros/jazzy/include (Required is at least version "2.13") \n'}
[0.600427] (-) TimerEvent: {}
[0.618274] (ros2_hello_world) StdoutLine: {'line': b"-- Using RMW implementation 'rmw_fastrtps_cpp' as default\n"}
[0.700535] (-) TimerEvent: {}
[0.763899] (ros2_hello_world) StderrLine: {'line': b"Error parsing '/home/chanakya/simple-hello-world-node-Chanakya-22/package.xml':\n"}
[0.800625] (-) TimerEvent: {}
[0.900972] (-) TimerEvent: {}
[1.001596] (-) TimerEvent: {}
[1.101936] (-) TimerEvent: {}
[1.202236] (-) TimerEvent: {}
[1.302532] (-) TimerEvent: {}
[1.402724] (-) TimerEvent: {}
[1.502988] (-) TimerEvent: {}
[1.603253] (-) TimerEvent: {}
[1.703522] (-) TimerEvent: {}
[1.803717] (-) TimerEvent: {}
[1.903927] (-) TimerEvent: {}
[1.995109] (ros2_hello_world) StderrLine: {'line': b'Traceback (most recent call last):\n'}
[1.995268] (ros2_hello_world) StderrLine: {'line': b'  File "/usr/lib/python3/dist-packages/catkin_pkg/package.py", line 610, in parse_package_string\n'}
[1.995316] (ros2_hello_world) StderrLine: {'line': b'    root = dom.parseString(data)\n'}
[1.995412] (ros2_hello_world) StderrLine: {'line': b'           ^^^^^^^^^^^^^^^^^^^^^\n'}
[1.995544] (ros2_hello_world) StderrLine: {'line': b'  File "/usr/lib/python3.12/xml/dom/minidom.py", line 2000, in parseString\n'}
[1.995781] (ros2_hello_world) StderrLine: {'line': b'    return expatbuilder.parseString(string)\n'}
[1.995845] (ros2_hello_world) StderrLine: {'line': b'           ^^^^^^^^^^^^^^^^^^^^^^^^^^^^^^^^\n'}
[1.995884] (ros2_hello_world) StderrLine: {'line': b'  File "/usr/lib/python3.12/xml/dom/expatbuilder.py", line 922, in parseString\n'}
[1.995922] (ros2_hello_world) StderrLine: {'line': b'    return builder.parseString(string)\n'}
[1.995987] (ros2_hello_world) StderrLine: {'line': b'           ^^^^^^^^^^^^^^^^^^^^^^^^^^^\n'}
[1.996178] (ros2_hello_world) StderrLine: {'line': b'  File "/usr/lib/python3.12/xml/dom/expatbuilder.py", line 220, in parseString\n'}
[1.996233] (ros2_hello_world) StderrLine: {'line': b'    parser.Parse(string, True)\n'}
[1.996273] (ros2_hello_world) StderrLine: {'line': b'xml.parsers.expat.ExpatError: not well-formed (invalid token): line 4, column 1\n'}
[1.996312] (ros2_hello_world) StderrLine: {'line': b'\n'}
[1.996352] (ros2_hello_world) StderrLine: {'line': b'During handling of the above exception, another exception occurred:\n'}
[1.996390] (ros2_hello_world) StderrLine: {'line': b'\n'}
[1.996426] (ros2_hello_world) StderrLine: {'line': b'Traceback (most recent call last):\n'}
[1.996463] (ros2_hello_world) StderrLine: {'line': b'  File "/opt/ros/jazzy/share/ament_cmake_core/cmake/core/package_xml_2_cmake.py", line 150, in <module>\n'}
[1.996499] (ros2_hello_world) StderrLine: {'line': b'    main()\n'}
[1.996536] (ros2_hello_world) StderrLine: {'line': b'  File "/opt/ros/jazzy/share/ament_cmake_core/cmake/core/package_xml_2_cmake.py", line 53, in main\n'}
[1.996571] (ros2_hello_world) StderrLine: {'line': b'    raise e\n'}
[1.996607] (ros2_hello_world) StderrLine: {'line': b'  File "/opt/ros/jazzy/share/ament_cmake_core/cmake/core/package_xml_2_cmake.py", line 49, in main\n'}
[1.996644] (ros2_hello_world) StderrLine: {'line': b'    package = parse_package_string(\n'}
[1.996679] (ros2_hello_world) StderrLine: {'line': b'              ^^^^^^^^^^^^^^^^^^^^^\n'}
[1.996725] (ros2_hello_world) StderrLine: {'line': b'  File "/usr/lib/python3/dist-packages/catkin_pkg/package.py", line 612, in parse_package_string\n'}
[1.996760] (ros2_hello_world) StderrLine: {'line': b"    raise InvalidPackage('The manifest contains invalid XML:\\n%s' % ex, filename)\n"}
[1.996795] (ros2_hello_world) StderrLine: {'line': b"catkin_pkg.package.InvalidPackage: Error(s) in package '/home/chanakya/simple-hello-world-node-Chanakya-22/package.xml':\n"}
[1.996832] (ros2_hello_world) StderrLine: {'line': b'The manifest contains invalid XML:\n'}
[1.996866] (ros2_hello_world) StderrLine: {'line': b'not well-formed (invalid token): line 4, column 1\n'}
[2.004040] (-) TimerEvent: {}
[2.018360] (ros2_hello_world) StderrLine: {'line': b'\x1b[31mCMake Error at /opt/ros/jazzy/share/ament_cmake_core/cmake/core/ament_package_xml.cmake:95 (message):\n'}
[2.018499] (ros2_hello_world) StderrLine: {'line': b'  execute_process(/usr/bin/python3\n'}
[2.018542] (ros2_hello_world) StderrLine: {'line': b'  /opt/ros/jazzy/share/ament_cmake_core/cmake/core/package_xml_2_cmake.py\n'}
[2.018581] (ros2_hello_world) StderrLine: {'line': b'  /home/chanakya/simple-hello-world-node-Chanakya-22/package.xml\n'}
[2.018619] (ros2_hello_world) StderrLine: {'line': b'  /home/chanakya/simple-hello-world-node-Chanakya-22/build/ros2_hello_world/ament_cmake_core/package.cmake)\n'}
[2.018654] (ros2_hello_world) StderrLine: {'line': b'  returned error code 1\n'}
[2.018687] (ros2_hello_world) StderrLine: {'line': b'Call Stack (most recent call first):\n'}
[2.018725] (ros2_hello_world) StderrLine: {'line': b'  /opt/ros/jazzy/share/ament_cmake_core/cmake/core/ament_package_xml.cmake:49 (_ament_package_xml)\n'}
[2.018762] (ros2_hello_world) StderrLine: {'line': b'  /opt/ros/jazzy/share/ament_cmake_core/cmake/core/ament_package.cmake:63 (ament_package_xml)\n'}
[2.018831] (ros2_hello_world) StderrLine: {'line': b'  CMakeLists.txt:23 (ament_package)\n'}
[2.018865] (ros2_hello_world) StderrLine: {'line': b'\n'}
[2.018901] (ros2_hello_world) StderrLine: {'line': b'\x1b[0m\n'}
[2.018935] (ros2_hello_world) StdoutLine: {'line': b'-- Configuring incomplete, errors occurred!\n'}
[2.025159] (ros2_hello_world) CommandEnded: {'returncode': 1}
[2.025753] (ros2_hello_world) JobEnded: {'identifier': 'ros2_hello_world', 'rc': 1}
[2.036250] (-) EventReactorShutdown: {}
